// Jest Snapshot v1, https://goo.gl/fbAQLP

exports[`Duplicate Should return array of duplicated numbers 1`] = `
Set {
  1,
  3,
  2,
}
`;
